2026-08-06T00:19:39  KILIT  kamera kare uretmiyor  goz.py 12 kare boyunca None dondurdu
2026-08-12T18:05:11  EVRE  None -> LANE_FOLLOWING
2026-08-12T18:05:11  ARM  Egemen  profil=LIVE
2026-08-12T18:05:11  SUSTUR (LANE_FOLLOWING)  Öğretici geçici duruş
2026-08-12T18:05:11  EVRE  LANE_FOLLOWING -> STOPPED
2026-08-12T18:05:11  EVRE  STOPPED -> LANE_FOLLOWING
2026-08-12T18:05:11  DISARM  Öğretici yeniden-arm örneği
2026-08-12T18:05:11  ARM  Egemen  profil=LIVE
2026-08-12T18:05:11  KILIT  Öğretici sensör hatası  Gerçek sensör yoktur
2026-08-12T18:05:11  RESET  Egemen
2026-08-12T18:05:11  EVRE  LANE_FOLLOWING -> LANE_FOLLOWING
2026-08-12T18:05:11  ARM  Egemen  profil=LIVE
2026-08-12T18:05:11  KILIT  motor komutu reddedildi  PWM evre tavanini asiyor.
2026-08-12T18:05:11  RESET  Egemen
2026-08-12T18:05:11  KILIT  Öğretici eski API kilidi  
2026-08-12T18:05:11  RESET  Egemen
2026-08-12T18:05:11  EVRE  None -> LANE_FOLLOWING
2026-08-12T18:05:11  ARM  Egemen  profil=LIVE
2026-08-12T18:05:11  SUSTUR (LANE_FOLLOWING)  Öğretici geçici duruş
2026-08-12T18:05:11  EVRE  LANE_FOLLOWING -> STOPPED
2026-08-12T18:05:11  EVRE  STOPPED -> LANE_FOLLOWING
2026-08-12T18:05:11  DISARM  Öğretici yeniden-arm örneği
2026-08-12T18:05:11  ARM  Egemen  profil=LIVE
2026-08-12T18:05:11  KILIT  Öğretici sensör hatası  Gerçek sensör yoktur
2026-08-12T18:05:11  RESET  Egemen
2026-08-12T18:05:11  EVRE  LANE_FOLLOWING -> LANE_FOLLOWING
2026-08-12T18:05:11  ARM  Egemen  profil=LIVE
2026-08-12T18:05:11  KILIT  motor komutu reddedildi  PWM evre tavanini asiyor.
2026-08-12T18:05:11  RESET  Egemen
2026-08-12T18:05:11  KILIT  Öğretici eski API kilidi  
2026-08-12T18:05:11  RESET  Egemen
2026-08-12T18:06:23  EVRE  None -> LANE_FOLLOWING
2026-08-12T18:06:23  ARM  Egemen  profil=LIVE
2026-08-12T18:06:23  SUSTUR (LANE_FOLLOWING)  Öğretici geçici duruş
2026-08-12T18:06:23  EVRE  LANE_FOLLOWING -> STOPPED
2026-08-12T18:06:23  EVRE  STOPPED -> LANE_FOLLOWING
2026-08-12T18:06:23  DISARM  Öğretici yeniden-arm örneği
2026-08-12T18:06:23  ARM  Egemen  profil=LIVE
2026-08-12T18:06:23  KILIT  Öğretici sensör hatası  Gerçek sensör yoktur
2026-08-12T18:06:23  RESET  Egemen
2026-08-12T18:06:23  EVRE  LANE_FOLLOWING -> LANE_FOLLOWING
2026-08-12T18:06:23  ARM  Egemen  profil=LIVE
2026-08-12T18:06:23  KILIT  motor komutu reddedildi  PWM evre tavanini asiyor.
2026-08-12T18:06:23  RESET  Egemen
2026-08-12T18:06:23  KILIT  Öğretici eski API kilidi  
2026-08-12T18:06:23  RESET  Egemen
2026-08-12T18:06:23  EVRE  None -> LANE_FOLLOWING
2026-08-12T18:06:23  ARM  Egemen  profil=LIVE
2026-08-12T18:06:23  SUSTUR (LANE_FOLLOWING)  Öğretici geçici duruş
2026-08-12T18:06:23  EVRE  LANE_FOLLOWING -> STOPPED
2026-08-12T18:06:23  EVRE  STOPPED -> LANE_FOLLOWING
2026-08-12T18:06:23  DISARM  Öğretici yeniden-arm örneği
2026-08-12T18:06:23  ARM  Egemen  profil=LIVE
2026-08-12T18:06:23  KILIT  Öğretici sensör hatası  Gerçek sensör yoktur
2026-08-12T18:06:23  RESET  Egemen
2026-08-12T18:06:23  EVRE  LANE_FOLLOWING -> LANE_FOLLOWING
2026-08-12T18:06:23  ARM  Egemen  profil=LIVE
2026-08-12T18:06:23  KILIT  motor komutu reddedildi  PWM evre tavanini asiyor.
2026-08-12T18:06:23  RESET  Egemen
2026-08-12T18:06:23  KILIT  Öğretici eski API kilidi  
2026-08-12T18:06:23  RESET  Egemen
2026-08-18T12:52:35  EVRE  None -> LANE_FOLLOWING
2026-08-18T12:52:35  ARM  Egemen  profil=LIVE
2026-08-18T12:52:35  SUSTUR (LANE_FOLLOWING)  Öğretici geçici duruş
2026-08-18T12:52:35  EVRE  LANE_FOLLOWING -> STOPPED
2026-08-18T12:52:35  EVRE  STOPPED -> LANE_FOLLOWING
2026-08-18T12:52:35  DISARM  Öğretici yeniden-arm örneği
2026-08-18T12:52:35  ARM  Egemen  profil=LIVE
2026-08-18T12:52:35  KILIT  Öğretici sensör hatası  Gerçek sensör yoktur
2026-08-18T12:52:35  RESET  Egemen
2026-08-18T12:52:35  EVRE  LANE_FOLLOWING -> LANE_FOLLOWING
2026-08-18T12:52:35  ARM  Egemen  profil=LIVE
2026-08-18T12:52:35  KILIT  motor komutu reddedildi  PWM evre tavanini asiyor.
2026-08-18T12:52:35  RESET  Egemen
2026-08-18T12:52:35  KILIT  Öğretici eski API kilidi  
2026-08-18T12:52:35  RESET  Egemen
2026-08-18T12:52:35  EVRE  None -> LANE_FOLLOWING
2026-08-18T12:52:35  ARM  Egemen  profil=LIVE
2026-08-18T12:52:35  SUSTUR (LANE_FOLLOWING)  Öğretici geçici duruş
2026-08-18T12:52:35  EVRE  LANE_FOLLOWING -> STOPPED
2026-08-18T12:52:35  EVRE  STOPPED -> LANE_FOLLOWING
2026-08-18T12:52:35  DISARM  Öğretici yeniden-arm örneği
2026-08-18T12:52:35  ARM  Egemen  profil=LIVE
2026-08-18T12:52:35  KILIT  Öğretici sensör hatası  Gerçek sensör yoktur
2026-08-18T12:52:35  RESET  Egemen
2026-08-18T12:52:35  EVRE  LANE_FOLLOWING -> LANE_FOLLOWING
2026-08-18T12:52:35  ARM  Egemen  profil=LIVE
2026-08-18T12:52:35  KILIT  motor komutu reddedildi  PWM evre tavanini asiyor.
2026-08-18T12:52:35  RESET  Egemen
2026-08-18T12:52:35  KILIT  Öğretici eski API kilidi  
2026-08-18T12:52:35  RESET  Egemen
2026-08-18T13:03:10  EVRE  None -> LANE_FOLLOWING
2026-08-18T13:03:10  ARM  Egemen  profil=LIVE
2026-08-18T13:03:10  SUSTUR (LANE_FOLLOWING)  Öğretici geçici duruş
2026-08-18T13:03:10  EVRE  LANE_FOLLOWING -> STOPPED
2026-08-18T13:03:10  EVRE  STOPPED -> LANE_FOLLOWING
2026-08-18T13:03:10  DISARM  Öğretici yeniden-arm örneği
2026-08-18T13:03:10  ARM  Egemen  profil=LIVE
2026-08-18T13:03:10  KILIT  Öğretici sensör hatası  Gerçek sensör yoktur
2026-08-18T13:03:10  RESET  Egemen
2026-08-18T13:03:10  EVRE  LANE_FOLLOWING -> LANE_FOLLOWING
2026-08-18T13:03:10  ARM  Egemen  profil=LIVE
2026-08-18T13:03:10  KILIT  motor komutu reddedildi  PWM evre tavanini asiyor.
2026-08-18T13:03:10  RESET  Egemen
2026-08-18T13:03:10  KILIT  Öğretici eski API kilidi  
2026-08-18T13:03:10  RESET  Egemen
2026-08-18T13:03:10  EVRE  None -> LANE_FOLLOWING
2026-08-18T13:03:10  ARM  Egemen  profil=LIVE
2026-08-18T13:03:10  SUSTUR (LANE_FOLLOWING)  Öğretici geçici duruş
2026-08-18T13:03:10  EVRE  LANE_FOLLOWING -> STOPPED
2026-08-18T13:03:10  EVRE  STOPPED -> LANE_FOLLOWING
2026-08-18T13:03:10  DISARM  Öğretici yeniden-arm örneği
2026-08-18T13:03:10  ARM  Egemen  profil=LIVE
2026-08-18T13:03:10  KILIT  Öğretici sensör hatası  Gerçek sensör yoktur
2026-08-18T13:03:10  RESET  Egemen
2026-08-18T13:03:10  EVRE  LANE_FOLLOWING -> LANE_FOLLOWING
2026-08-18T13:03:10  ARM  Egemen  profil=LIVE
2026-08-18T13:03:10  KILIT  motor komutu reddedildi  PWM evre tavanini asiyor.
2026-08-18T13:03:10  RESET  Egemen
2026-08-18T13:03:10  KILIT  Öğretici eski API kilidi  
2026-08-18T13:03:10  RESET  Egemen
2026-08-18T13:07:22  EVRE  None -> LANE_FOLLOWING
2026-08-18T13:07:22  ARM  Egemen  profil=LIVE
2026-08-18T13:07:22  SUSTUR (LANE_FOLLOWING)  Öğretici geçici duruş
2026-08-18T13:07:22  EVRE  LANE_FOLLOWING -> STOPPED
2026-08-18T13:07:22  EVRE  STOPPED -> LANE_FOLLOWING
2026-08-18T13:07:22  DISARM  Öğretici yeniden-arm örneği
2026-08-18T13:07:22  ARM  Egemen  profil=LIVE
2026-08-18T13:07:22  KILIT  Öğretici sensör hatası  Gerçek sensör yoktur
2026-08-18T13:07:22  RESET  Egemen
2026-08-18T13:07:22  EVRE  LANE_FOLLOWING -> LANE_FOLLOWING
2026-08-18T13:07:22  ARM  Egemen  profil=LIVE
2026-08-18T13:07:22  KILIT  motor komutu reddedildi  PWM evre tavanini asiyor.
2026-08-18T13:07:22  RESET  Egemen
2026-08-18T13:07:22  KILIT  Öğretici eski API kilidi  
2026-08-18T13:07:22  RESET  Egemen
2026-08-18T13:09:40  EVRE  None -> LANE_FOLLOWING
2026-08-18T13:09:40  ARM  Egemen  profil=LIVE
2026-08-18T13:09:40  SUSTUR (LANE_FOLLOWING)  Öğretici geçici duruş
2026-08-18T13:09:40  EVRE  LANE_FOLLOWING -> STOPPED
2026-08-18T13:09:40  EVRE  STOPPED -> LANE_FOLLOWING
2026-08-18T13:09:40  DISARM  Öğretici yeniden-arm örneği
2026-08-18T13:09:40  ARM  Egemen  profil=LIVE
2026-08-18T13:09:40  KILIT  Öğretici sensör hatası  Gerçek sensör yoktur
2026-08-18T13:09:40  RESET  Egemen
2026-08-18T13:09:40  EVRE  LANE_FOLLOWING -> LANE_FOLLOWING
2026-08-18T13:09:40  ARM  Egemen  profil=LIVE
2026-08-18T13:09:40  KILIT  motor komutu reddedildi  PWM evre tavanini asiyor.
2026-08-18T13:09:40  RESET  Egemen
2026-08-18T13:09:40  KILIT  Öğretici eski API kilidi  
2026-08-18T13:09:40  RESET  Egemen
2026-08-18T13:50:47  EVRE  None -> LANE_FOLLOWING
2026-08-18T13:50:47  ARM  Egemen  profil=LIVE
2026-08-18T13:50:47  SUSTUR (LANE_FOLLOWING)  Öğretici geçici duruş
2026-08-18T13:50:47  EVRE  LANE_FOLLOWING -> STOPPED
2026-08-18T13:50:47  EVRE  STOPPED -> LANE_FOLLOWING
2026-08-18T13:50:47  DISARM  Öğretici yeniden-arm örneği
2026-08-18T13:50:47  ARM  Egemen  profil=LIVE
2026-08-18T13:50:47  KILIT  Öğretici sensör hatası  Gerçek sensör yoktur
2026-08-18T13:50:47  RESET  Egemen
2026-08-18T13:50:47  EVRE  LANE_FOLLOWING -> LANE_FOLLOWING
2026-08-18T13:50:47  ARM  Egemen  profil=LIVE
2026-08-18T13:50:47  KILIT  motor komutu reddedildi  PWM evre tavanini asiyor.
2026-08-18T13:50:47  RESET  Egemen
2026-08-18T13:50:47  KILIT  Öğretici eski API kilidi  
2026-08-18T13:50:47  RESET  Egemen
2026-08-18T13:52:33  EVRE  None -> LANE_FOLLOWING
2026-08-18T13:52:33  ARM  Egemen  profil=LIVE
2026-08-18T13:52:33  SUSTUR (LANE_FOLLOWING)  Öğretici geçici duruş
2026-08-18T13:52:33  EVRE  LANE_FOLLOWING -> STOPPED
2026-08-18T13:52:33  EVRE  STOPPED -> LANE_FOLLOWING
2026-08-18T13:52:33  DISARM  Öğretici yeniden-arm örneği
2026-08-18T13:52:33  ARM  Egemen  profil=LIVE
2026-08-18T13:52:33  KILIT  Öğretici sensör hatası  Gerçek sensör yoktur
2026-08-18T13:52:33  RESET  Egemen
2026-08-18T13:52:33  EVRE  LANE_FOLLOWING -> LANE_FOLLOWING
2026-08-18T13:52:33  ARM  Egemen  profil=LIVE
2026-08-18T13:52:33  KILIT  motor komutu reddedildi  PWM evre tavanini asiyor.
2026-08-18T13:52:33  RESET  Egemen
2026-08-18T13:52:33  KILIT  Öğretici eski API kilidi  
2026-08-18T13:52:33  RESET  Egemen
2026-08-22T01:31:05  EVRE  None -> SIM_DRIVE
2026-08-22T01:31:05  ARM  OSMAN unit test  profil=OFFLINE
2026-08-22T01:31:05  EVRE  None -> SIM_DRIVE
2026-08-22T01:31:05  ARM  OSMAN unit test  profil=OFFLINE
2026-08-22T01:31:05  EVRE  None -> SIM_DRIVE
2026-08-22T01:31:05  ARM  OSMAN unit test  profil=OFFLINE
2026-08-22T01:31:05  EVRE  None -> SIM_DRIVE
2026-08-22T01:31:05  ARM  OSMAN unit test  profil=OFFLINE
2026-08-22T01:31:05  STOP  Komut evresi guncel evreyle ayni degil.
2026-08-22T01:33:58  EVRE  None -> SIM_DRIVE
2026-08-22T01:33:58  ARM  OSMAN unit test  profil=OFFLINE
2026-08-22T01:33:58  EVRE  None -> SIM_DRIVE
2026-08-22T01:33:58  ARM  OSMAN unit test  profil=OFFLINE
2026-08-22T01:33:58  EVRE  None -> SIM_DRIVE
2026-08-22T01:33:58  ARM  OSMAN unit test  profil=OFFLINE
2026-08-22T01:33:58  EVRE  None -> SIM_DRIVE
2026-08-22T01:33:58  ARM  OSMAN unit test  profil=OFFLINE
2026-08-22T01:33:58  STOP  Komut evresi guncel evreyle ayni degil.
2026-08-22T01:37:32  EVRE  None -> SIM_DRIVE
2026-08-22T01:37:32  ARM  OSMAN unit test  profil=OFFLINE
2026-08-22T01:37:32  EVRE  None -> SIM_DRIVE
2026-08-22T01:37:32  ARM  OSMAN unit test  profil=OFFLINE
2026-08-22T01:37:32  EVRE  None -> SIM_DRIVE
2026-08-22T01:37:32  ARM  OSMAN unit test  profil=OFFLINE
2026-08-22T01:37:32  EVRE  None -> SIM_DRIVE
2026-08-22T01:37:32  ARM  OSMAN unit test  profil=OFFLINE
2026-08-22T01:37:32  STOP  Komut evresi guncel evreyle ayni degil.
2026-08-22T01:38:46  EVRE  None -> SIM_DRIVE
2026-08-22T01:38:46  ARM  OSMAN unit test  profil=OFFLINE
2026-08-22T01:38:46  EVRE  None -> SIM_DRIVE
2026-08-22T01:38:46  ARM  OSMAN unit test  profil=OFFLINE
2026-08-22T01:38:46  EVRE  None -> SIM_DRIVE
2026-08-22T01:38:46  ARM  OSMAN unit test  profil=OFFLINE
2026-08-22T01:38:46  EVRE  None -> SIM_DRIVE
2026-08-22T01:38:46  ARM  OSMAN unit test  profil=OFFLINE
2026-08-22T01:38:46  STOP  Komut evresi guncel evreyle ayni degil.
2026-08-22T12:37:31  EVRE  None -> SIM_DRIVE
2026-08-22T12:37:31  ARM  OSMAN unit test  profil=OFFLINE
2026-08-22T12:37:32  EVRE  None -> SIM_DRIVE
2026-08-22T12:37:32  ARM  OSMAN unit test  profil=OFFLINE
2026-08-22T12:37:32  EVRE  None -> SIM_DRIVE
2026-08-22T12:37:32  ARM  OSMAN unit test  profil=OFFLINE
2026-08-22T12:37:32  EVRE  None -> SIM_DRIVE
2026-08-22T12:37:32  ARM  OSMAN unit test  profil=OFFLINE
2026-08-22T12:37:32  STOP  Komut evresi guncel evreyle ayni degil.
2026-08-22T12:40:03  EVRE  None -> WEBOTS_VISUAL
2026-08-22T12:40:03  ARM  visual simulation unit test  profil=OFFLINE
2026-08-22T12:40:03  EVRE  None -> WEBOTS_VISUAL
2026-08-22T12:40:03  ARM  visual simulation unit test  profil=OFFLINE
2026-08-22T12:40:03  EVRE  None -> WEBOTS_VISUAL
2026-08-22T12:40:03  ARM  visual simulation unit test  profil=OFFLINE
2026-08-22T12:40:03  EVRE  None -> WEBOTS_VISUAL
2026-08-22T12:40:03  ARM  visual simulation unit test  profil=OFFLINE
2026-08-22T12:40:03  EVRE  None -> WEBOTS_VISUAL
2026-08-22T12:40:03  ARM  visual simulation unit test  profil=OFFLINE
2026-08-22T12:40:03  EVRE  None -> WEBOTS_VISUAL
2026-08-22T12:40:03  ARM  visual simulation unit test  profil=OFFLINE
2026-08-22T12:40:03  EVRE  None -> WEBOTS_VISUAL
2026-08-22T12:40:03  ARM  visual simulation unit test  profil=OFFLINE
2026-08-22T13:00:58  EVRE  None -> WEBOTS_VISUAL
2026-08-22T13:00:58  ARM  visual simulation unit test  profil=OFFLINE
2026-08-22T13:00:58  EVRE  None -> WEBOTS_VISUAL
2026-08-22T13:00:58  ARM  visual simulation unit test  profil=OFFLINE
2026-08-22T13:00:58  EVRE  None -> WEBOTS_VISUAL
2026-08-22T13:00:58  ARM  visual simulation unit test  profil=OFFLINE
2026-08-22T13:00:58  EVRE  None -> WEBOTS_VISUAL
2026-08-22T13:00:58  ARM  visual simulation unit test  profil=OFFLINE
2026-08-22T13:00:58  EVRE  None -> WEBOTS_VISUAL
2026-08-22T13:00:58  ARM  visual simulation unit test  profil=OFFLINE
2026-08-22T13:00:58  EVRE  None -> WEBOTS_VISUAL
2026-08-22T13:00:58  ARM  visual simulation unit test  profil=OFFLINE
2026-08-22T13:00:58  EVRE  None -> WEBOTS_VISUAL
2026-08-22T13:00:58  ARM  visual simulation unit test  profil=OFFLINE
2026-08-22T13:00:58  EVRE  None -> SIM_DRIVE
2026-08-22T13:00:58  ARM  OSMAN unit test  profil=OFFLINE
2026-08-22T13:00:58  EVRE  None -> SIM_DRIVE
2026-08-22T13:00:58  ARM  OSMAN unit test  profil=OFFLINE
2026-08-22T13:00:58  EVRE  None -> SIM_DRIVE
2026-08-22T13:00:58  ARM  OSMAN unit test  profil=OFFLINE
2026-08-22T13:00:58  EVRE  None -> SIM_DRIVE
2026-08-22T13:00:58  ARM  OSMAN unit test  profil=OFFLINE
2026-08-22T13:00:58  STOP  Komut evresi guncel evreyle ayni degil.
2026-08-22T18:22:50  EVRE  None -> WEBOTS_VISUAL
2026-08-22T18:22:50  ARM  visual simulation unit test  profil=OFFLINE
2026-08-22T18:22:50  EVRE  None -> WEBOTS_VISUAL
2026-08-22T18:22:50  ARM  visual simulation unit test  profil=OFFLINE
2026-08-22T18:22:50  EVRE  None -> WEBOTS_VISUAL
2026-08-22T18:22:50  ARM  visual simulation unit test  profil=OFFLINE
2026-08-22T18:22:50  EVRE  None -> WEBOTS_VISUAL
2026-08-22T18:22:50  ARM  visual simulation unit test  profil=OFFLINE
2026-08-22T18:22:50  EVRE  None -> WEBOTS_VISUAL
2026-08-22T18:22:50  ARM  visual simulation unit test  profil=OFFLINE
2026-08-22T18:22:50  EVRE  None -> WEBOTS_VISUAL
2026-08-22T18:22:50  ARM  visual simulation unit test  profil=OFFLINE
2026-08-22T18:22:50  EVRE  None -> WEBOTS_VISUAL
2026-08-22T18:22:50  ARM  visual simulation unit test  profil=OFFLINE
2026-08-22T18:22:50  EVRE  None -> SIM_DRIVE
2026-08-22T18:22:50  ARM  OSMAN unit test  profil=OFFLINE
2026-08-22T18:22:50  EVRE  None -> SIM_DRIVE
2026-08-22T18:22:50  ARM  OSMAN unit test  profil=OFFLINE
2026-08-22T18:22:50  EVRE  None -> SIM_DRIVE
2026-08-22T18:22:50  ARM  OSMAN unit test  profil=OFFLINE
2026-08-22T18:22:50  EVRE  None -> SIM_DRIVE
2026-08-22T18:22:50  ARM  OSMAN unit test  profil=OFFLINE
2026-08-22T18:22:50  STOP  Komut evresi guncel evreyle ayni degil.
2026-08-22T18:25:32  EVRE  None -> WEBOTS_VISUAL
2026-08-22T18:25:32  ARM  visual simulation unit test  profil=OFFLINE
2026-08-22T18:25:32  EVRE  None -> WEBOTS_VISUAL
2026-08-22T18:25:32  ARM  visual simulation unit test  profil=OFFLINE
2026-08-22T18:25:32  EVRE  None -> WEBOTS_VISUAL
2026-08-22T18:25:32  ARM  visual simulation unit test  profil=OFFLINE
2026-08-22T18:25:32  EVRE  None -> WEBOTS_VISUAL
2026-08-22T18:25:32  ARM  visual simulation unit test  profil=OFFLINE
2026-08-22T18:25:32  EVRE  None -> WEBOTS_VISUAL
2026-08-22T18:25:32  ARM  visual simulation unit test  profil=OFFLINE
2026-08-22T18:25:32  EVRE  None -> WEBOTS_VISUAL
2026-08-22T18:25:32  ARM  visual simulation unit test  profil=OFFLINE
2026-08-22T18:25:32  EVRE  None -> WEBOTS_VISUAL
2026-08-22T18:25:32  ARM  visual simulation unit test  profil=OFFLINE
2026-08-22T18:25:32  EVRE  None -> SIM_DRIVE
2026-08-22T18:25:32  ARM  OSMAN unit test  profil=OFFLINE
2026-08-22T18:25:32  EVRE  None -> SIM_DRIVE
2026-08-22T18:25:32  ARM  OSMAN unit test  profil=OFFLINE
2026-08-22T18:25:32  EVRE  None -> SIM_DRIVE
2026-08-22T18:25:32  ARM  OSMAN unit test  profil=OFFLINE
2026-08-22T18:25:32  EVRE  None -> SIM_DRIVE
2026-08-22T18:25:32  ARM  OSMAN unit test  profil=OFFLINE
2026-08-22T18:25:32  STOP  Komut evresi guncel evreyle ayni degil.
2026-08-22T19:00:20  EVRE  None -> WEBOTS_VISUAL
2026-08-22T19:00:20  ARM  visual simulation unit test  profil=OFFLINE
2026-08-22T19:00:20  EVRE  None -> WEBOTS_VISUAL
2026-08-22T19:00:20  ARM  visual simulation unit test  profil=OFFLINE
2026-08-22T19:00:20  EVRE  None -> WEBOTS_VISUAL
2026-08-22T19:00:20  ARM  visual simulation unit test  profil=OFFLINE
2026-08-22T19:00:20  EVRE  None -> WEBOTS_VISUAL
2026-08-22T19:00:20  ARM  visual simulation unit test  profil=OFFLINE
2026-08-22T19:00:20  EVRE  None -> WEBOTS_VISUAL
2026-08-22T19:00:20  ARM  visual simulation unit test  profil=OFFLINE
2026-08-22T19:00:20  EVRE  None -> WEBOTS_VISUAL
2026-08-22T19:00:20  ARM  visual simulation unit test  profil=OFFLINE
2026-08-22T19:00:20  EVRE  None -> WEBOTS_VISUAL
2026-08-22T19:00:20  ARM  visual simulation unit test  profil=OFFLINE
2026-08-22T19:00:20  EVRE  None -> SIM_DRIVE
2026-08-22T19:00:20  ARM  OSMAN unit test  profil=OFFLINE
2026-08-22T19:00:20  EVRE  None -> SIM_DRIVE
2026-08-22T19:00:20  ARM  OSMAN unit test  profil=OFFLINE
2026-08-22T19:00:20  EVRE  None -> SIM_DRIVE
2026-08-22T19:00:20  ARM  OSMAN unit test  profil=OFFLINE
2026-08-22T19:00:20  EVRE  None -> SIM_DRIVE
2026-08-22T19:00:20  ARM  OSMAN unit test  profil=OFFLINE
2026-08-22T19:00:20  STOP  Komut evresi guncel evreyle ayni degil.
2026-08-22T19:00:26  EVRE  None -> LANE_FOLLOWING
2026-08-22T19:00:26  ARM  Egemen  profil=LIVE
2026-08-22T19:00:26  SUSTUR (LANE_FOLLOWING)  Öğretici geçici duruş
2026-08-22T19:00:26  EVRE  LANE_FOLLOWING -> STOPPED
2026-08-22T19:00:26  EVRE  STOPPED -> LANE_FOLLOWING
2026-08-22T19:00:26  DISARM  Öğretici yeniden-arm örneği
2026-08-22T19:00:26  ARM  Egemen  profil=LIVE
2026-08-22T19:00:26  KILIT  Öğretici sensör hatası  Gerçek sensör yoktur
2026-08-22T19:00:26  RESET  Egemen
2026-08-22T19:00:26  EVRE  LANE_FOLLOWING -> LANE_FOLLOWING
2026-08-22T19:00:26  ARM  Egemen  profil=LIVE
2026-08-22T19:00:26  KILIT  motor komutu reddedildi  PWM evre tavanini asiyor.
2026-08-22T19:00:26  RESET  Egemen
2026-08-22T19:00:26  KILIT  Öğretici eski API kilidi  
2026-08-22T19:00:26  RESET  Egemen
2026-08-22T19:00:26  EVRE  None -> LANE_FOLLOWING
2026-08-22T19:00:26  ARM  Egemen  profil=LIVE
2026-08-22T19:00:26  SUSTUR (LANE_FOLLOWING)  Öğretici geçici duruş
2026-08-22T19:00:26  EVRE  LANE_FOLLOWING -> STOPPED
2026-08-22T19:00:26  EVRE  STOPPED -> LANE_FOLLOWING
2026-08-22T19:00:26  DISARM  Öğretici yeniden-arm örneği
2026-08-22T19:00:26  ARM  Egemen  profil=LIVE
2026-08-22T19:00:26  KILIT  Öğretici sensör hatası  Gerçek sensör yoktur
2026-08-22T19:00:26  RESET  Egemen
2026-08-22T19:00:26  EVRE  LANE_FOLLOWING -> LANE_FOLLOWING
2026-08-22T19:00:26  ARM  Egemen  profil=LIVE
2026-08-22T19:00:26  KILIT  motor komutu reddedildi  PWM evre tavanini asiyor.
2026-08-22T19:00:26  RESET  Egemen
2026-08-22T19:00:26  KILIT  Öğretici eski API kilidi  
2026-08-22T19:00:26  RESET  Egemen
2026-08-22T19:00:37  EVRE  None -> WEBOTS_VISUAL
2026-08-22T19:00:37  ARM  visual simulation unit test  profil=OFFLINE
2026-08-22T19:00:37  EVRE  None -> WEBOTS_VISUAL
2026-08-22T19:00:37  ARM  visual simulation unit test  profil=OFFLINE
2026-08-22T19:00:37  EVRE  None -> WEBOTS_VISUAL
2026-08-22T19:00:37  ARM  visual simulation unit test  profil=OFFLINE
2026-08-22T19:00:37  EVRE  None -> WEBOTS_VISUAL
2026-08-22T19:00:37  ARM  visual simulation unit test  profil=OFFLINE
2026-08-22T19:00:37  EVRE  None -> WEBOTS_VISUAL
2026-08-22T19:00:37  ARM  visual simulation unit test  profil=OFFLINE
2026-08-22T19:00:37  EVRE  None -> WEBOTS_VISUAL
2026-08-22T19:00:37  ARM  visual simulation unit test  profil=OFFLINE
2026-08-22T19:00:37  EVRE  None -> WEBOTS_VISUAL
2026-08-22T19:00:37  ARM  visual simulation unit test  profil=OFFLINE
2026-08-22T19:00:37  EVRE  None -> SIM_DRIVE
2026-08-22T19:00:37  ARM  OSMAN unit test  profil=OFFLINE
2026-08-22T19:00:37  EVRE  None -> SIM_DRIVE
2026-08-22T19:00:37  ARM  OSMAN unit test  profil=OFFLINE
2026-08-22T19:00:37  EVRE  None -> SIM_DRIVE
2026-08-22T19:00:37  ARM  OSMAN unit test  profil=OFFLINE
2026-08-22T19:00:37  EVRE  None -> SIM_DRIVE
2026-08-22T19:00:37  ARM  OSMAN unit test  profil=OFFLINE
2026-08-22T19:00:37  STOP  Komut evresi guncel evreyle ayni degil.
2026-08-22T19:01:30  EVRE  None -> WEBOTS_VISUAL
2026-08-22T19:01:30  ARM  visual simulation unit test  profil=OFFLINE
2026-08-22T19:01:30  EVRE  None -> WEBOTS_VISUAL
2026-08-22T19:01:30  ARM  visual simulation unit test  profil=OFFLINE
2026-08-22T19:01:30  EVRE  None -> WEBOTS_VISUAL
2026-08-22T19:01:30  ARM  visual simulation unit test  profil=OFFLINE
2026-08-22T19:01:30  EVRE  None -> WEBOTS_VISUAL
2026-08-22T19:01:30  ARM  visual simulation unit test  profil=OFFLINE
2026-08-22T19:01:30  EVRE  None -> WEBOTS_VISUAL
2026-08-22T19:01:30  ARM  visual simulation unit test  profil=OFFLINE
2026-08-22T19:01:30  EVRE  None -> WEBOTS_VISUAL
2026-08-22T19:01:30  ARM  visual simulation unit test  profil=OFFLINE
2026-08-22T19:01:30  EVRE  None -> WEBOTS_VISUAL
2026-08-22T19:01:30  ARM  visual simulation unit test  profil=OFFLINE
2026-08-22T19:01:30  EVRE  None -> SIM_DRIVE
2026-08-22T19:01:30  ARM  OSMAN unit test  profil=OFFLINE
2026-08-22T19:01:30  EVRE  None -> SIM_DRIVE
2026-08-22T19:01:30  ARM  OSMAN unit test  profil=OFFLINE
2026-08-22T19:01:30  EVRE  None -> SIM_DRIVE
2026-08-22T19:01:30  ARM  OSMAN unit test  profil=OFFLINE
2026-08-22T19:01:30  EVRE  None -> SIM_DRIVE
2026-08-22T19:01:30  ARM  OSMAN unit test  profil=OFFLINE
2026-08-22T19:01:30  STOP  Komut evresi guncel evreyle ayni degil.
2026-08-22T19:01:30  EVRE  None -> LANE_FOLLOWING
2026-08-22T19:01:30  ARM  Egemen  profil=LIVE
2026-08-22T19:01:30  SUSTUR (LANE_FOLLOWING)  Öğretici geçici duruş
2026-08-22T19:01:30  EVRE  LANE_FOLLOWING -> STOPPED
2026-08-22T19:01:30  EVRE  STOPPED -> LANE_FOLLOWING
2026-08-22T19:01:30  DISARM  Öğretici yeniden-arm örneği
2026-08-22T19:01:30  ARM  Egemen  profil=LIVE
2026-08-22T19:01:30  KILIT  Öğretici sensör hatası  Gerçek sensör yoktur
2026-08-22T19:01:30  RESET  Egemen
2026-08-22T19:01:30  EVRE  LANE_FOLLOWING -> LANE_FOLLOWING
2026-08-22T19:01:30  ARM  Egemen  profil=LIVE
2026-08-22T19:01:30  KILIT  motor komutu reddedildi  PWM evre tavanini asiyor.
2026-08-22T19:01:30  RESET  Egemen
2026-08-22T19:01:30  KILIT  Öğretici eski API kilidi  
2026-08-22T19:01:30  RESET  Egemen
2026-08-22T19:01:30  EVRE  None -> LANE_FOLLOWING
2026-08-22T19:01:30  ARM  Egemen  profil=LIVE
2026-08-22T19:01:30  SUSTUR (LANE_FOLLOWING)  Öğretici geçici duruş
2026-08-22T19:01:30  EVRE  LANE_FOLLOWING -> STOPPED
2026-08-22T19:01:30  EVRE  STOPPED -> LANE_FOLLOWING
2026-08-22T19:01:30  DISARM  Öğretici yeniden-arm örneği
2026-08-22T19:01:30  ARM  Egemen  profil=LIVE
2026-08-22T19:01:30  KILIT  Öğretici sensör hatası  Gerçek sensör yoktur
2026-08-22T19:01:30  RESET  Egemen
2026-08-22T19:01:30  EVRE  LANE_FOLLOWING -> LANE_FOLLOWING
2026-08-22T19:01:30  ARM  Egemen  profil=LIVE
2026-08-22T19:01:30  KILIT  motor komutu reddedildi  PWM evre tavanini asiyor.
2026-08-22T19:01:30  RESET  Egemen
2026-08-22T19:01:30  KILIT  Öğretici eski API kilidi  
2026-08-22T19:01:30  RESET  Egemen
